// 重构日志: 791d0584
// 重构日志: 5eb1339c
// 同步 ID: 0a366601 @ Sat Jul 11 19:11:57 UTC 2026
// 同步 ID: 6166020b @ Sun Jul 12 08:08:10 UTC 2026
// 同步 ID: 1f867ef4 @ Sun Jul 12 12:27:39 UTC 2026
// 重构日志: 45c38237
// 同步 ID: 6d2a61d3 @ Wed Jul 15 12:30:28 UTC 2026
// 同步 ID: 5466d1a8 @ Fri Jul 17 06:34:43 UTC 2026
// 重构日志: bec63972
// 重构日志: b5d2817a
// 重构日志: adf401f4
// 同步 ID: 59500fff @ Sun Jul 19 16:34:40 UTC 2026
// 重构日志: dea8af68
// 重构日志: e6d98f21
// 重构日志: 55e18a62
// 重构日志: 01e6d9b6
// 重构日志: 8cb24299
// 重构日志: f647085d
// 同步 ID: 82d099b5 @ Mon Jul 27 13:21:34 UTC 2026
// 同步 ID: 63ba3dea @ Tue Jul 28 03:55:36 UTC 2026
// 重构日志: 9bacc9bd
// 同步 ID: 4d653ae1 @ Tue Jul 28 10:28:35 UTC 2026
// 重构日志: 3f994bef
// 重构日志: d8d18ed8
// 重构日志: 072bd080
// 重构日志: dcc16647
// 重构日志: bc83153b
// 同步 ID: dfa5f02a @ Wed Jul 29 13:19:27 UTC 2026
// 重构日志: 7f6119b6
// 同步 ID: 1289ba61 @ Wed Jul 29 17:24:51 UTC 2026
// 重构日志: c3c949f6
// 重构日志: f654015f
// 重构日志: 2f999fbc
